2025-10-20 23:56:50.210 +03:30 [INF] ⋄[Program] Serilog configured successfully. ⟶2025-10-20 23:56:50
2025-10-20 23:56:50.269 +03:30 [INF] ⋄[Program] configuring Versioning.. ⟶2025-10-20 23:56:50
2025-10-20 23:56:50.281 +03:30 [INF] ⋄[Program] Versioning configured successfully. ⟶2025-10-20 23:56:50
2025-10-20 23:56:50.303 +03:30 [INF] ⋄[Program] configuring JsonWebToken.. ⟶2025-10-20 23:56:50
2025-10-20 23:56:50.314 +03:30 [INF] ⋄[Program] JsonWebToken configured successfully. ⟶2025-10-20 23:56:50
2025-10-20 23:56:50.316 +03:30 [INF] ⋄[Program] configuring MediatR.. ⟶2025-10-20 23:56:50
2025-10-20 23:56:50.440 +03:30 [INF] ⋄[Program] MediatR configured successfully. ⟶2025-10-20 23:56:50
2025-10-20 23:56:50.465 +03:30 [INF] ⋄[Program] configuring MongoContext.. ⟶2025-10-20 23:56:50
2025-10-20 23:56:50.472 +03:30 [INF] ⋄[Program] MongoContext configured successfully. ⟶2025-10-20 23:56:50
2025-10-20 23:56:50.480 +03:30 [INF] ⋄[Program] configuring Application.. ⟶2025-10-20 23:56:50
2025-10-20 23:56:50.481 +03:30 [INF] ⋄[Program] Application configured successfully. ⟶2025-10-20 23:56:50
2025-10-20 23:56:50.515 +03:30 [INF] ⋄[Program] configuring RabbitMQ.. ⟶2025-10-20 23:56:50
2025-10-20 23:56:50.527 +03:30 [INF] ⋄[Program] RabbitMQ configured successfully. ⟶2025-10-20 23:56:50
2025-10-20 23:56:51.777 +03:30 [INF] ⋄[Program] ✅ CatalogManagementService is running.. ⟶2025-10-20 23:56:51
2025-10-20 23:56:54.018 +03:30 [INF] ⋄[Program] creating RabbitMQ connection.. ⟶2025-10-20 23:56:54
2025-10-20 23:56:54.924 +03:30 [INF] ⋄[Program] RabbitMQ connection created successfully. ⟶2025-10-20 23:56:54
2025-10-20 23:56:54.990 +03:30 [INF] ⋄[RabbitmqEventSubscriber] instance created. ⟶2025-10-20 23:56:54
2025-10-20 23:56:54.990 +03:30 [INF] ⋄[RabbitmqEventSubscriberHostedService] instance created. ⟶2025-10-20 23:56:54
2025-10-20 23:56:55.693 +03:30 [INF] ⋄[RabbitmqEventSubscriberHostedService] starting subscriber.. ⟶2025-10-20 23:56:55
2025-10-20 23:56:55.701 +03:30 [INF] ⋄[RabbitmqEventSubscriber] creating consumer.. ⟶2025-10-20 23:56:55
2025-10-20 23:56:55.754 +03:30 [INF] ⋄[RabbitmqEventSubscriber] consumer created successfully. ⟶2025-10-20 23:56:55
2025-10-20 23:56:55.768 +03:30 [INF] ⋄[RabbitmqEventSubscriberHostedService] started successfully. ⟶2025-10-20 23:56:55
2025-10-20 23:57:19.037 +03:30 [WRN] You do not have a valid license key for the Lucky Penny software MediatR. This is allowed for development and testing scenarios. If you are running in production you are required to have a licensed version. Please visit https://luckypennysoftware.com to obtain a valid license.
2025-10-20 23:57:19.072 +03:30 [INF] ⋄[CatalogController] instance created. ⟶2025-10-20 23:57:19
2025-10-20 23:57:19.085 +03:30 [INF] ⋄[CatalogController] forwarding GetItemsQuery to mediator.. ⟶2025-10-20 23:57:19
2025-10-20 23:57:19.533 +03:30 [INF] ⋄[MongoContext] instance created. ⟶2025-10-20 23:57:19
2025-10-20 23:57:19.537 +03:30 [INF] ⋄[MongoRepository] MongoDB repository instance created. ⟶2025-10-20 23:57:19
2025-10-20 23:57:19.538 +03:30 [INF] ⋄[GetItemsService] instance created. ⟶2025-10-20 23:57:19
2025-10-20 23:57:19.539 +03:30 [INF] ⋄[GetItemsQueryHandler] instance created. ⟶2025-10-20 23:57:19
2025-10-20 23:57:19.541 +03:30 [INF] ⋄[GetItemsQueryHandler] forward request to service. ⟶2025-10-20 23:57:19
2025-10-20 23:57:19.543 +03:30 [INF] ⋄[GetItemsService] executing request.. ⟶2025-10-20 23:57:19
2025-10-20 23:57:19.545 +03:30 [INF] ⋄[MongoRepository] fetching all items.. ⟶2025-10-20 23:57:19
2025-10-20 23:57:19.812 +03:30 [INF] ⋄[MongoRepository] successfully retrieved 7 item(s). ⟶2025-10-20 23:57:19
2025-10-20 23:57:19.815 +03:30 [INF] ⋄[GetItemsService] retrieved response. ⟶2025-10-20 23:57:19
2025-10-20 23:57:19.817 +03:30 [INF] ⋄[GetItemsQueryHandler] retrieved response from service. ⟶2025-10-20 23:57:19
2025-10-20 23:57:19.817 +03:30 [INF] ⋄[CatalogController] retrieved GetItemsQuery response from mediator. ⟶2025-10-20 23:57:19
2025-10-20 23:59:15.341 +03:30 [INF] ⋄[CatalogController] instance created. ⟶2025-10-20 23:59:15
2025-10-20 23:59:15.425 +03:30 [INF] ⋄[CatalogController] forwarding CreateItemCommand to mediator.. ⟶2025-10-20 23:59:15
2025-10-20 23:59:15.428 +03:30 [INF] ⋄[MongoContext] instance created. ⟶2025-10-20 23:59:15
2025-10-20 23:59:15.429 +03:30 [INF] ⋄[MongoRepository] MongoDB repository instance created. ⟶2025-10-20 23:59:15
2025-10-20 23:59:15.468 +03:30 [INF] ⋄[RabbitmqEventPublisher] instance created. ⟶2025-10-20 23:59:15
2025-10-20 23:59:15.469 +03:30 [INF] ⋄[CreateItemService] instance created. ⟶2025-10-20 23:59:15
2025-10-20 23:59:15.473 +03:30 [INF] ⋄[CreateItemCommandHandler] instance created. ⟶2025-10-20 23:59:15
2025-10-20 23:59:15.476 +03:30 [INF] ⋄[CreateItemCommandHandler] forward request to service. ⟶2025-10-20 23:59:15
2025-10-20 23:59:15.486 +03:30 [INF] ⋄[CreateItemService] executing request.. ⟶2025-10-20 23:59:15
2025-10-20 23:59:15.494 +03:30 [INF] ⋄[MongoRepository] creating new item with name 'ugigi'.. ⟶2025-10-20 23:59:15
2025-10-20 23:59:15.738 +03:30 [INF] ⋄[MongoRepository] item created successfully with id '68f69b9bbe3ac557710f5b3f'. ⟶2025-10-20 23:59:15
2025-10-20 23:59:15.741 +03:30 [INF] ⋄[RabbitmqEventPublisher] publishing ItemCreatedEvent for id '68f69b9bbe3ac557710f5b3f'.. ⟶2025-10-20 23:59:15
2025-10-20 23:59:15.750 +03:30 [INF] ⋄[RabbitmqEventPublisher] ItemCreatedEvent published for id '68f69b9bbe3ac557710f5b3f'. ⟶2025-10-20 23:59:15
2025-10-20 23:59:15.750 +03:30 [INF] ⋄[CreateItemService] retrieved response. ⟶2025-10-20 23:59:15
2025-10-20 23:59:15.752 +03:30 [INF] ⋄[CreateItemCommandHandler] retrieved response from service. ⟶2025-10-20 23:59:15
2025-10-20 23:59:15.754 +03:30 [INF] ⋄[CatalogController] retrieved CreateItemCommand response from mediator. ⟶2025-10-20 23:59:15
2025-10-20 23:59:15.762 +03:30 [INF] ⋄[RabbitmqEventSubscriber] received ItemCreatedEvent. ⟶2025-10-20 23:59:15
2025-10-20 23:59:15.771 +03:30 [INF] ⋄[ItemCreatedEventHandler] create new item with id '68f69b9bbe3ac557710f5b3f' ⟶2025-10-20 23:59:15
2025-10-20 23:59:15.771 +03:30 [INF] ⋄[RabbitmqEventSubscriber] handled ItemCreatedEvent. ⟶2025-10-20 23:59:15
2025-10-21 00:00:25.187 +03:30 [INF] ⋄[CatalogController] instance created. ⟶2025-10-21 00:00:25
2025-10-21 00:00:25.189 +03:30 [INF] ⋄[CatalogController] forwarding CreateItemCommand to mediator.. ⟶2025-10-21 00:00:25
2025-10-21 00:00:25.189 +03:30 [INF] ⋄[MongoContext] instance created. ⟶2025-10-21 00:00:25
2025-10-21 00:00:25.189 +03:30 [INF] ⋄[MongoRepository] MongoDB repository instance created. ⟶2025-10-21 00:00:25
2025-10-21 00:00:25.197 +03:30 [INF] ⋄[RabbitmqEventPublisher] instance created. ⟶2025-10-21 00:00:25
2025-10-21 00:00:25.198 +03:30 [INF] ⋄[CreateItemService] instance created. ⟶2025-10-21 00:00:25
2025-10-21 00:00:25.198 +03:30 [INF] ⋄[CreateItemCommandHandler] instance created. ⟶2025-10-21 00:00:25
2025-10-21 00:00:25.199 +03:30 [INF] ⋄[CreateItemCommandHandler] forward request to service. ⟶2025-10-21 00:00:25
2025-10-21 00:00:25.199 +03:30 [INF] ⋄[CreateItemService] executing request.. ⟶2025-10-21 00:00:25
2025-10-21 00:00:25.199 +03:30 [INF] ⋄[CreateItemService] bad request! ⟶2025-10-21 00:00:25
2025-10-21 00:00:25.201 +03:30 [INF] ⋄[CreateItemCommandHandler] retrieved response from service. ⟶2025-10-21 00:00:25
2025-10-21 00:00:25.201 +03:30 [INF] ⋄[CatalogController] retrieved CreateItemCommand response from mediator. ⟶2025-10-21 00:00:25
2025-10-21 00:01:32.874 +03:30 [INF] ⋄[CatalogController] instance created. ⟶2025-10-21 00:01:32
2025-10-21 00:01:32.878 +03:30 [INF] ⋄[CatalogController] forwarding GetItemQuery to mediator.. ⟶2025-10-21 00:01:32
2025-10-21 00:01:32.879 +03:30 [INF] ⋄[MongoContext] instance created. ⟶2025-10-21 00:01:32
2025-10-21 00:01:32.880 +03:30 [INF] ⋄[MongoRepository] MongoDB repository instance created. ⟶2025-10-21 00:01:32
2025-10-21 00:01:32.880 +03:30 [INF] ⋄[GetItemService] instance created. ⟶2025-10-21 00:01:32
2025-10-21 00:01:32.881 +03:30 [INF] ⋄[GetItemQueryHandler] instance created. ⟶2025-10-21 00:01:32
2025-10-21 00:01:32.883 +03:30 [INF] ⋄[GetItemQueryHandler] forward request to service. ⟶2025-10-21 00:01:32
2025-10-21 00:01:32.885 +03:30 [INF] ⋄[GetItemService] executing request.. ⟶2025-10-21 00:01:32
2025-10-21 00:01:32.890 +03:30 [INF] ⋄[MongoRepository] fetching item with id '68f69b9bbe3ac557710f5b3f'.. ⟶2025-10-21 00:01:32
2025-10-21 00:01:32.962 +03:30 [INF] ⋄[MongoRepository] successfully retrieved item with id '68f69b9bbe3ac557710f5b3f'. ⟶2025-10-21 00:01:32
2025-10-21 00:01:32.962 +03:30 [INF] ⋄[GetItemService] retrieved response. ⟶2025-10-21 00:01:32
2025-10-21 00:01:32.966 +03:30 [INF] ⋄[GetItemQueryHandler] retrieved response from service. ⟶2025-10-21 00:01:32
2025-10-21 00:01:32.966 +03:30 [INF] ⋄[CatalogController] retrieved GetItemQuery response from mediator. ⟶2025-10-21 00:01:32
2025-10-21 00:02:38.278 +03:30 [INF] ⋄[CatalogController] instance created. ⟶2025-10-21 00:02:38
2025-10-21 00:02:38.279 +03:30 [INF] ⋄[CatalogController] forwarding GetItemQuery to mediator.. ⟶2025-10-21 00:02:38
2025-10-21 00:02:38.280 +03:30 [INF] ⋄[MongoContext] instance created. ⟶2025-10-21 00:02:38
2025-10-21 00:02:38.280 +03:30 [INF] ⋄[MongoRepository] MongoDB repository instance created. ⟶2025-10-21 00:02:38
2025-10-21 00:02:38.280 +03:30 [INF] ⋄[GetItemService] instance created. ⟶2025-10-21 00:02:38
2025-10-21 00:02:38.281 +03:30 [INF] ⋄[GetItemQueryHandler] instance created. ⟶2025-10-21 00:02:38
2025-10-21 00:02:38.281 +03:30 [INF] ⋄[GetItemQueryHandler] forward request to service. ⟶2025-10-21 00:02:38
2025-10-21 00:02:38.282 +03:30 [INF] ⋄[GetItemService] executing request.. ⟶2025-10-21 00:02:38
2025-10-21 00:02:38.282 +03:30 [INF] ⋄[MongoRepository] fetching item with id '68f69b9bbe3ac557710f5b2f'.. ⟶2025-10-21 00:02:38
2025-10-21 00:02:38.285 +03:30 [INF] ⋄[MongoRepository] no item found with id '68f69b9bbe3ac557710f5b2f'! ⟶2025-10-21 00:02:38
2025-10-21 00:02:38.286 +03:30 [INF] ⋄[GetItemService] retrieved response. ⟶2025-10-21 00:02:38
2025-10-21 00:02:38.287 +03:30 [INF] ⋄[GetItemQueryHandler] retrieved response from service. ⟶2025-10-21 00:02:38
2025-10-21 00:02:38.287 +03:30 [INF] ⋄[CatalogController] retrieved GetItemQuery response from mediator. ⟶2025-10-21 00:02:38
2025-10-21 00:05:07.375 +03:30 [INF] ⋄[CatalogController] instance created. ⟶2025-10-21 00:05:07
2025-10-21 00:05:07.380 +03:30 [INF] ⋄[CatalogController] forwarding DeleteItemCommand to mediator.. ⟶2025-10-21 00:05:07
2025-10-21 00:05:07.384 +03:30 [INF] ⋄[MongoContext] instance created. ⟶2025-10-21 00:05:07
2025-10-21 00:05:07.384 +03:30 [INF] ⋄[MongoRepository] MongoDB repository instance created. ⟶2025-10-21 00:05:07
2025-10-21 00:05:07.388 +03:30 [INF] ⋄[RabbitmqEventPublisher] instance created. ⟶2025-10-21 00:05:07
2025-10-21 00:05:07.390 +03:30 [INF] ⋄[DeleteItemService] instance created. ⟶2025-10-21 00:05:07
2025-10-21 00:05:07.390 +03:30 [INF] ⋄[DeleteItemCommandHandler] instance created. ⟶2025-10-21 00:05:07
2025-10-21 00:05:07.392 +03:30 [INF] ⋄[DeleteItemCommandHandler] forward request to service. ⟶2025-10-21 00:05:07
2025-10-21 00:05:07.394 +03:30 [INF] ⋄[DeleteItemService] executing request.. ⟶2025-10-21 00:05:07
2025-10-21 00:05:07.396 +03:30 [INF] ⋄[MongoRepository] deleting item with id '68f69b9bbe3ac557710f5b3f'.. ⟶2025-10-21 00:05:07
2025-10-21 00:05:07.421 +03:30 [INF] ⋄[MongoRepository] item with id '68f69b9bbe3ac557710f5b3f' deleted successfully. ⟶2025-10-21 00:05:07
2025-10-21 00:05:07.422 +03:30 [INF] ⋄[RabbitmqEventPublisher] publishing ItemDeletedEvent for id '68f69b9bbe3ac557710f5b3f'.. ⟶2025-10-21 00:05:07
2025-10-21 00:05:07.423 +03:30 [INF] ⋄[RabbitmqEventPublisher] ItemDeletedEvent published for id '68f69b9bbe3ac557710f5b3f'. ⟶2025-10-21 00:05:07
2025-10-21 00:05:07.424 +03:30 [INF] ⋄[DeleteItemService] retrieved response. ⟶2025-10-21 00:05:07
2025-10-21 00:05:07.424 +03:30 [INF] ⋄[DeleteItemCommandHandler] retrieved response from service. ⟶2025-10-21 00:05:07
2025-10-21 00:05:07.424 +03:30 [INF] ⋄[CatalogController] retrieved DeleteItemCommand response from mediator. ⟶2025-10-21 00:05:07
2025-10-21 00:05:07.425 +03:30 [INF] ⋄[RabbitmqEventSubscriber] received ItemDeletedEvent. ⟶2025-10-21 00:05:07
2025-10-21 00:05:07.427 +03:30 [INF] ⋄[ItemDeletedEventHandler] delete item with id '68f69b9bbe3ac557710f5b3f' ⟶2025-10-21 00:05:07
2025-10-21 00:05:07.428 +03:30 [INF] ⋄[RabbitmqEventSubscriber] handled ItemDeletedEvent. ⟶2025-10-21 00:05:07
