2025-10-21 21:43:48.913 +03:30 [INF] ⋄[Program] Serilog configured successfully. ⟶2025-10-21 21:43:48
2025-10-21 21:43:48.973 +03:30 [INF] ⋄[Program] configuring Versioning.. ⟶2025-10-21 21:43:48
2025-10-21 21:43:48.990 +03:30 [INF] ⋄[Program] Versioning configured successfully. ⟶2025-10-21 21:43:48
2025-10-21 21:43:49.025 +03:30 [INF] ⋄[Program] configuring JsonWebToken.. ⟶2025-10-21 21:43:49
2025-10-21 21:43:49.032 +03:30 [INF] ⋄[Program] JsonWebToken configured successfully. ⟶2025-10-21 21:43:49
2025-10-21 21:43:49.034 +03:30 [INF] ⋄[Program] configuring MediatR.. ⟶2025-10-21 21:43:49
2025-10-21 21:43:49.087 +03:30 [INF] ⋄[Program] MediatR configured successfully. ⟶2025-10-21 21:43:49
2025-10-21 21:43:49.099 +03:30 [INF] ⋄[Program] configuring MongoContext.. ⟶2025-10-21 21:43:49
2025-10-21 21:43:49.103 +03:30 [INF] ⋄[Program] MongoContext configured successfully. ⟶2025-10-21 21:43:49
2025-10-21 21:43:49.107 +03:30 [INF] ⋄[Program] configuring Application.. ⟶2025-10-21 21:43:49
2025-10-21 21:43:49.107 +03:30 [INF] ⋄[Program] Application configured successfully. ⟶2025-10-21 21:43:49
2025-10-21 21:43:49.117 +03:30 [INF] ⋄[Program] configuring RabbitMQ.. ⟶2025-10-21 21:43:49
2025-10-21 21:43:49.124 +03:30 [INF] ⋄[Program] RabbitMQ configured successfully. ⟶2025-10-21 21:43:49
2025-10-21 21:43:49.438 +03:30 [INF] ⋄[Program] ✅ CatalogService is running.. ⟶2025-10-21 21:43:49
2025-10-21 21:43:49.784 +03:30 [INF] ⋄[Program] creating RabbitMQ connection.. ⟶2025-10-21 21:43:49
2025-10-21 21:43:49.910 +03:30 [INF] ⋄[Program] RabbitMQ connection created successfully. ⟶2025-10-21 21:43:49
2025-10-21 21:43:49.927 +03:30 [INF] ⋄[RabbitmqEventSubscriber] instance created. ⟶2025-10-21 21:43:49
2025-10-21 21:43:49.927 +03:30 [INF] ⋄[RabbitmqEventSubscriberHostedService] instance created. ⟶2025-10-21 21:43:49
2025-10-21 21:43:50.053 +03:30 [INF] ⋄[RabbitmqEventSubscriberHostedService] starting subscriber.. ⟶2025-10-21 21:43:50
2025-10-21 21:43:50.054 +03:30 [INF] ⋄[RabbitmqEventSubscriber] creating consumer.. ⟶2025-10-21 21:43:50
2025-10-21 21:43:50.069 +03:30 [INF] ⋄[RabbitmqEventSubscriber] consumer created successfully. ⟶2025-10-21 21:43:50
2025-10-21 21:43:50.069 +03:30 [INF] ⋄[RabbitmqEventSubscriberHostedService] started successfully. ⟶2025-10-21 21:43:50
2025-10-21 21:44:00.454 +03:30 [WRN] You do not have a valid license key for the Lucky Penny software MediatR. This is allowed for development and testing scenarios. If you are running in production you are required to have a licensed version. Please visit https://luckypennysoftware.com to obtain a valid license.
2025-10-21 21:44:00.461 +03:30 [INF] ⋄[CatalogController] instance created. ⟶2025-10-21 21:44:00
2025-10-21 21:44:00.463 +03:30 [INF] ⋄[CatalogController] forwarding GetItemsQuery to mediator.. ⟶2025-10-21 21:44:00
2025-10-21 21:44:00.708 +03:30 [INF] ⋄[MongoContext] instance created. ⟶2025-10-21 21:44:00
2025-10-21 21:44:00.712 +03:30 [INF] ⋄[MongoRepository] instance created. ⟶2025-10-21 21:44:00
2025-10-21 21:44:00.714 +03:30 [INF] ⋄[GetItemsService] instance created. ⟶2025-10-21 21:44:00
2025-10-21 21:44:00.716 +03:30 [INF] ⋄[GetItemsQueryHandler] instance created. ⟶2025-10-21 21:44:00
2025-10-21 21:44:00.719 +03:30 [INF] ⋄[GetItemsQueryHandler] forwarding request to service.. ⟶2025-10-21 21:44:00
2025-10-21 21:44:00.722 +03:30 [INF] ⋄[GetItemsService] executing request.. ⟶2025-10-21 21:44:00
2025-10-21 21:44:00.728 +03:30 [INF] ⋄[MongoRepository] fetching all items.. ⟶2025-10-21 21:44:00
2025-10-21 21:44:00.991 +03:30 [INF] ⋄[MongoRepository] successfully retrieved 7 item(s). ⟶2025-10-21 21:44:00
2025-10-21 21:44:00.993 +03:30 [INF] ⋄[GetItemsService] retrieved response. ⟶2025-10-21 21:44:00
2025-10-21 21:44:00.994 +03:30 [INF] ⋄[GetItemsQueryHandler] retrieved response from service. ⟶2025-10-21 21:44:00
2025-10-21 21:44:00.995 +03:30 [INF] ⋄[CatalogController] retrieved GetItemsQuery response from mediator. ⟶2025-10-21 21:44:00
2025-10-21 21:45:54.745 +03:30 [INF] ⋄[CatalogController] instance created. ⟶2025-10-21 21:45:54
2025-10-21 21:45:54.799 +03:30 [INF] ⋄[CatalogController] forwarding CreateItemCommand to mediator.. ⟶2025-10-21 21:45:54
2025-10-21 21:45:54.800 +03:30 [INF] ⋄[MongoContext] instance created. ⟶2025-10-21 21:45:54
2025-10-21 21:45:54.801 +03:30 [INF] ⋄[MongoRepository] instance created. ⟶2025-10-21 21:45:54
2025-10-21 21:45:54.818 +03:30 [INF] ⋄[RabbitmqEventPublisher] instance created. ⟶2025-10-21 21:45:54
2025-10-21 21:45:54.818 +03:30 [INF] ⋄[CreateItemService] instance created. ⟶2025-10-21 21:45:54
2025-10-21 21:45:54.819 +03:30 [INF] ⋄[CreateItemCommandHandler] instance created. ⟶2025-10-21 21:45:54
2025-10-21 21:45:54.820 +03:30 [INF] ⋄[CreateItemCommandHandler] forwarding request to service.. ⟶2025-10-21 21:45:54
2025-10-21 21:45:54.822 +03:30 [INF] ⋄[CreateItemService] executing request.. ⟶2025-10-21 21:45:54
2025-10-21 21:45:54.823 +03:30 [INF] ⋄[CreateItemService] bad request! ⟶2025-10-21 21:45:54
2025-10-21 21:45:54.824 +03:30 [INF] ⋄[CreateItemCommandHandler] retrieved response from service. ⟶2025-10-21 21:45:54
2025-10-21 21:45:54.824 +03:30 [INF] ⋄[CatalogController] retrieved CreateItemCommand response from mediator. ⟶2025-10-21 21:45:54
2025-10-21 21:46:21.235 +03:30 [INF] ⋄[CatalogController] instance created. ⟶2025-10-21 21:46:21
2025-10-21 21:46:21.238 +03:30 [INF] ⋄[CatalogController] forwarding CreateItemCommand to mediator.. ⟶2025-10-21 21:46:21
2025-10-21 21:46:21.238 +03:30 [INF] ⋄[MongoContext] instance created. ⟶2025-10-21 21:46:21
2025-10-21 21:46:21.238 +03:30 [INF] ⋄[MongoRepository] instance created. ⟶2025-10-21 21:46:21
2025-10-21 21:46:21.244 +03:30 [INF] ⋄[RabbitmqEventPublisher] instance created. ⟶2025-10-21 21:46:21
2025-10-21 21:46:21.245 +03:30 [INF] ⋄[CreateItemService] instance created. ⟶2025-10-21 21:46:21
2025-10-21 21:46:21.246 +03:30 [INF] ⋄[CreateItemCommandHandler] instance created. ⟶2025-10-21 21:46:21
2025-10-21 21:46:21.246 +03:30 [INF] ⋄[CreateItemCommandHandler] forwarding request to service.. ⟶2025-10-21 21:46:21
2025-10-21 21:46:21.246 +03:30 [INF] ⋄[CreateItemService] executing request.. ⟶2025-10-21 21:46:21
2025-10-21 21:46:21.249 +03:30 [INF] ⋄[MongoRepository] creating new item with name 'lkklk'.. ⟶2025-10-21 21:46:21
2025-10-21 21:46:21.464 +03:30 [INF] ⋄[MongoRepository] item created successfully with id '68f7cdf5fc3e17f33250ecab'. ⟶2025-10-21 21:46:21
2025-10-21 21:46:21.468 +03:30 [INF] ⋄[RabbitmqEventPublisher] publishing ItemCreatedEvent for id '68f7cdf5fc3e17f33250ecab'.. ⟶2025-10-21 21:46:21
2025-10-21 21:46:21.487 +03:30 [INF] ⋄[RabbitmqEventPublisher] ItemCreatedEvent published for id '68f7cdf5fc3e17f33250ecab'. ⟶2025-10-21 21:46:21
2025-10-21 21:46:21.488 +03:30 [INF] ⋄[CreateItemService] retrieved response. ⟶2025-10-21 21:46:21
2025-10-21 21:46:21.493 +03:30 [INF] ⋄[CreateItemCommandHandler] retrieved response from service. ⟶2025-10-21 21:46:21
2025-10-21 21:46:21.494 +03:30 [INF] ⋄[CatalogController] retrieved CreateItemCommand response from mediator. ⟶2025-10-21 21:46:21
2025-10-21 21:46:21.516 +03:30 [INF] ⋄[RabbitmqEventSubscriber] received ItemCreatedEvent. ⟶2025-10-21 21:46:21
2025-10-21 21:46:21.533 +03:30 [INF] ⋄[ItemCreatedEventHandler] create new item with id '68f7cdf5fc3e17f33250ecab' ⟶2025-10-21 21:46:21
2025-10-21 21:46:21.534 +03:30 [INF] ⋄[RabbitmqEventSubscriber] handled ItemCreatedEvent. ⟶2025-10-21 21:46:21
2025-10-21 22:56:23.502 +03:30 [INF] ⋄[Program] Serilog configured successfully. ⟶2025-10-21 22:56:23
2025-10-21 22:56:23.557 +03:30 [INF] ⋄[Program] configuring Versioning.. ⟶2025-10-21 22:56:23
2025-10-21 22:56:23.581 +03:30 [INF] ⋄[Program] Versioning configured successfully. ⟶2025-10-21 22:56:23
2025-10-21 22:56:23.732 +03:30 [INF] ⋄[Program] configuring JsonWebToken.. ⟶2025-10-21 22:56:23
2025-10-21 22:56:23.803 +03:30 [INF] ⋄[Program] JsonWebToken configured successfully. ⟶2025-10-21 22:56:23
2025-10-21 22:56:23.816 +03:30 [INF] ⋄[Program] configuring MediatR.. ⟶2025-10-21 22:56:23
2025-10-21 22:56:23.877 +03:30 [INF] ⋄[Program] MediatR configured successfully. ⟶2025-10-21 22:56:23
2025-10-21 22:56:23.892 +03:30 [INF] ⋄[Program] configuring MongoContext.. ⟶2025-10-21 22:56:23
2025-10-21 22:56:23.894 +03:30 [INF] ⋄[Program] MongoContext configured successfully. ⟶2025-10-21 22:56:23
2025-10-21 22:56:23.895 +03:30 [INF] ⋄[Program] configuring Application.. ⟶2025-10-21 22:56:23
2025-10-21 22:56:23.895 +03:30 [INF] ⋄[Program] Application configured successfully. ⟶2025-10-21 22:56:23
2025-10-21 22:56:23.921 +03:30 [INF] ⋄[Program] configuring RabbitMQ.. ⟶2025-10-21 22:56:23
2025-10-21 22:56:23.923 +03:30 [INF] ⋄[Program] RabbitMQ configured successfully. ⟶2025-10-21 22:56:23
2025-10-21 22:56:24.336 +03:30 [INF] ⋄[Program] ✅ CatalogService is running.. ⟶2025-10-21 22:56:24
2025-10-21 22:56:24.818 +03:30 [INF] ⋄[Program] creating RabbitMQ connection.. ⟶2025-10-21 22:56:24
2025-10-21 22:56:25.128 +03:30 [INF] ⋄[Program] RabbitMQ connection created successfully. ⟶2025-10-21 22:56:25
2025-10-21 22:56:25.199 +03:30 [INF] ⋄[RabbitmqEventSubscriber] instance created. ⟶2025-10-21 22:56:25
2025-10-21 22:56:25.200 +03:30 [INF] ⋄[RabbitmqEventSubscriberHostedService] instance created. ⟶2025-10-21 22:56:25
2025-10-21 22:56:25.374 +03:30 [INF] ⋄[RabbitmqEventSubscriberHostedService] starting subscriber.. ⟶2025-10-21 22:56:25
2025-10-21 22:56:25.375 +03:30 [INF] ⋄[RabbitmqEventSubscriber] creating consumer.. ⟶2025-10-21 22:56:25
2025-10-21 22:56:25.382 +03:30 [INF] ⋄[RabbitmqEventSubscriber] consumer created successfully. ⟶2025-10-21 22:56:25
2025-10-21 22:56:25.382 +03:30 [INF] ⋄[RabbitmqEventSubscriberHostedService] started successfully. ⟶2025-10-21 22:56:25
2025-10-21 22:57:02.531 +03:30 [INF] ⋄[Program] Serilog configured successfully. ⟶2025-10-21 22:57:02
2025-10-21 22:57:02.559 +03:30 [INF] ⋄[Program] configuring Versioning.. ⟶2025-10-21 22:57:02
2025-10-21 22:57:02.575 +03:30 [INF] ⋄[Program] Versioning configured successfully. ⟶2025-10-21 22:57:02
2025-10-21 22:57:02.694 +03:30 [INF] ⋄[Program] configuring JsonWebToken.. ⟶2025-10-21 22:57:02
2025-10-21 22:57:02.746 +03:30 [INF] ⋄[Program] JsonWebToken configured successfully. ⟶2025-10-21 22:57:02
2025-10-21 22:57:02.755 +03:30 [INF] ⋄[Program] configuring MediatR.. ⟶2025-10-21 22:57:02
2025-10-21 22:57:02.796 +03:30 [INF] ⋄[Program] MediatR configured successfully. ⟶2025-10-21 22:57:02
2025-10-21 22:57:02.809 +03:30 [INF] ⋄[Program] configuring MongoContext.. ⟶2025-10-21 22:57:02
2025-10-21 22:57:02.810 +03:30 [INF] ⋄[Program] MongoContext configured successfully. ⟶2025-10-21 22:57:02
2025-10-21 22:57:02.811 +03:30 [INF] ⋄[Program] configuring Application.. ⟶2025-10-21 22:57:02
2025-10-21 22:57:02.812 +03:30 [INF] ⋄[Program] Application configured successfully. ⟶2025-10-21 22:57:02
2025-10-21 22:57:02.830 +03:30 [INF] ⋄[Program] configuring RabbitMQ.. ⟶2025-10-21 22:57:02
2025-10-21 22:57:02.832 +03:30 [INF] ⋄[Program] RabbitMQ configured successfully. ⟶2025-10-21 22:57:02
2025-10-21 22:57:03.046 +03:30 [INF] ⋄[Program] ✅ CatalogService is running.. ⟶2025-10-21 22:57:03
2025-10-21 22:57:03.307 +03:30 [INF] ⋄[Program] creating RabbitMQ connection.. ⟶2025-10-21 22:57:03
2025-10-21 22:57:03.437 +03:30 [INF] ⋄[Program] RabbitMQ connection created successfully. ⟶2025-10-21 22:57:03
2025-10-21 22:57:03.467 +03:30 [INF] ⋄[RabbitmqEventSubscriber] instance created. ⟶2025-10-21 22:57:03
2025-10-21 22:57:03.467 +03:30 [INF] ⋄[RabbitmqEventSubscriberHostedService] instance created. ⟶2025-10-21 22:57:03
2025-10-21 22:57:03.562 +03:30 [INF] ⋄[RabbitmqEventSubscriberHostedService] starting subscriber.. ⟶2025-10-21 22:57:03
2025-10-21 22:57:03.563 +03:30 [INF] ⋄[RabbitmqEventSubscriber] creating consumer.. ⟶2025-10-21 22:57:03
2025-10-21 22:57:03.571 +03:30 [INF] ⋄[RabbitmqEventSubscriber] consumer created successfully. ⟶2025-10-21 22:57:03
2025-10-21 22:57:03.571 +03:30 [INF] ⋄[RabbitmqEventSubscriberHostedService] started successfully. ⟶2025-10-21 22:57:03
2025-10-21 22:57:10.918 +03:30 [WRN] You do not have a valid license key for the Lucky Penny software MediatR. This is allowed for development and testing scenarios. If you are running in production you are required to have a licensed version. Please visit https://luckypennysoftware.com to obtain a valid license.
2025-10-21 22:57:10.952 +03:30 [INF] ⋄[CatalogController] instance created. ⟶2025-10-21 22:57:10
2025-10-21 22:57:10.969 +03:30 [INF] ⋄[CatalogController] forwarding GetItemsQuery to mediator.. ⟶2025-10-21 22:57:10
